PC     Output      Line
040000             0001   ;
040000             0002   ; Title:	test
040000             0003   ; Author:	Brandon Gates
040000             0004   ; Created:	29/10/2024
040000             0005   
040000             0006       ASSUME	ADL = 1
040000             0007       INCLUDE "mos_api.inc"
040000             0001*  ;
040000             0002*  ; Title:	AGON MOS - API for user projects
040000             0003*  ; Author:	Dean Belfield
040000             0004*  ; Created:	03/08/2022
040000             0005*  ; Last Updated:	11/11/2023
040000             0006*  ;
040000             0007*  ; Modinfo:
040000             0008*  ; 05/08/2022:	Added mos_feof
040000             0009*  ; 09/08/2022:	Added system variables: cursorX, cursorY
040000             0010*  ; 18/08/2022:	Added system variables: scrchar, scrpixel, audioChannel, audioSuccess, vpd_pflags
040000             0011*  ; 05/09/2022:	Added mos_ren, vdp_pflag_mode
040000             0012*  ; 24/09/2022:	Added mos_getError, mos_mkdir
040000             0013*  ; 13/10/2022:	Added mos_oscli
040000             0014*  ; 23/02/2023:	Added more sysvars, fixed typo in sysvar_audioSuccess, offsets for sysvar_scrCols, sysvar_scrRows
040000             0015*  ; 04/03/2023:	Added sysvar_scrpixelIndex
040000             0016*  ; 08/03/2023:	Renamed sysvar_keycode to sysvar_keyascii, added sysvar_vkeycode
040000             0017*  ; 15/03/2023:	Added mos_copy, mos_getrtc, mos_setrtc, rtc, vdp_pflag_rtc
040000             0018*  ; 21/03/2023:	Added mos_setintvector, sysvars for keyboard status, vdu codes for vdp
040000             0019*  ; 22/03/2023:	The VDP commands are now indexed from 0x80
040000             0020*  ; 29/03/2023:	Added mos_uopen, mos_uclose, mos_ugetc, mos_uputc
040000             0021*  ; 13/04/2023:	Added FatFS file structures (FFOBJID, FIL, DIR, FILINFO)
040000             0022*  ; 15/04/2023:	Added mos_getfil, mos_fread, mos_fwrite and mos_flseek
040000             0023*  ; 19/05/2023:	Added sysvar_scrMode
040000             0024*  ; 05/06/2023:	Added sysvar_rtcEnable
040000             0025*  ; 03/08/2023:	Added mos_setkbvector
040000             0026*  ; 10/08/2023:	Added mos_getkbmap
040000             0027*  ; 11/11/2023:	Added mos_i2c_open, mos_i2c_close, mos_i2c_write and mos_i2c_read
040000             0028*  ; 09/04/2024:   Adapter to ez80asm
040000             0029*  ; VDP control (VDU 23, 0, n)
040000             0030*  ;
040000             0031*  vdp_gp:			EQU 	80h
040000             0032*  vdp_keycode:		EQU 	81h
040000             0033*  vdp_cursor:		EQU	82h
040000             0034*  vdp_scrchar:		EQU	83h
040000             0035*  vdp_scrpixel:		EQU	84h
040000             0036*  vdp_audio:		EQU	85h
040000             0037*  vdp_mode:		EQU	86h
040000             0038*  vdp_rtc:		EQU	87h
040000             0039*  vdp_keystate:		EQU	88h
040000             0040*  vdp_logicalcoords:	EQU	C0h
040000             0041*  vdp_terminalmode:	EQU	FFh
040000             0042*  
040000             0043*  ; MOS high level functions
040000             0044*  ;
040000             0045*  mos_getkey:		EQU	00h
040000             0046*  mos_load:		EQU	01h
040000             0047*  mos_save:		EQU	02h
040000             0048*  mos_cd:			EQU	03h
040000             0049*  mos_dir:		EQU	04h
040000             0050*  mos_del:		EQU	05h
040000             0051*  mos_ren:		EQU	06h
040000             0052*  mos_mkdir:		EQU	07h
040000             0053*  mos_sysvars:		EQU	08h
040000             0054*  mos_editline:		EQU	09h
040000             0055*  mos_fopen:		EQU	0Ah
040000             0056*  mos_fclose:		EQU	0Bh
040000             0057*  mos_fgetc:		EQU	0Ch
040000             0058*  mos_fputc:		EQU	0Dh
040000             0059*  mos_feof:		EQU	0Eh
040000             0060*  mos_getError:		EQU	0Fh
040000             0061*  mos_oscli:		EQU	10h
040000             0062*  mos_copy:		EQU	11h
040000             0063*  mos_getrtc:		EQU	12h
040000             0064*  mos_setrtc:		EQU	13h
040000             0065*  mos_setintvector:	EQU	14h
040000             0066*  mos_uopen:		EQU	15h
040000             0067*  mos_uclose:		EQU	16h
040000             0068*  mos_ugetc:		EQU	17h
040000             0069*  mos_uputc:		EQU 	18h
040000             0070*  mos_getfil:		EQU	19h
040000             0071*  mos_fread:		EQU	1Ah
040000             0072*  mos_fwrite:		EQU	1Bh
040000             0073*  mos_flseek:		EQU	1Ch
040000             0074*  mos_setkbvector:	EQU	1Dh
040000             0075*  mos_getkbmap:		EQU	1Eh
040000             0076*  mos_i2c_open:		EQU	1Fh
040000             0077*  mos_i2c_close:		EQU	20h
040000             0078*  mos_i2c_write:		EQU	21h
040000             0079*  mos_i2c_read:		EQU	22h
040000             0080*  
040000             0081*  
040000             0082*  ; FatFS file access functions
040000             0083*  ;
040000             0084*  ffs_fopen:		EQU	80h
040000             0085*  ffs_fclose:		EQU	81h
040000             0086*  ffs_fread:		EQU	82h
040000             0087*  ffs_fwrite:		EQU	83h
040000             0088*  ffs_flseek:		EQU	84h
040000             0089*  ffs_ftruncate:		EQU	85h
040000             0090*  ffs_fsync:		EQU	86h
040000             0091*  ffs_fforward:		EQU	87h
040000             0092*  ffs_fexpand:		EQU	88h
040000             0093*  ffs_fgets:		EQU	89h
040000             0094*  ffs_fputc:		EQU	8Ah
040000             0095*  ffs_fputs:		EQU	8Bh
040000             0096*  ffs_fprintf:		EQU	8Ch
040000             0097*  ffs_ftell:		EQU	8Dh
040000             0098*  ffs_feof:		EQU	8Eh
040000             0099*  ffs_fsize:		EQU	8Fh
040000             0100*  ffs_ferror:		EQU	90h
040000             0101*  
040000             0102*  ; FatFS directory access functions
040000             0103*  ;
040000             0104*  ffs_dopen:		EQU	91h
040000             0105*  ffs_dclose:		EQU	92h
040000             0106*  ffs_dread:		EQU	93h
040000             0107*  ffs_dfindfirst:		EQU	94h
040000             0108*  ffs_dfindnext:		EQU	95h
040000             0109*  
040000             0110*  ; FatFS file and directory management functions
040000             0111*  ;
040000             0112*  ffs_stat:		EQU	96h
040000             0113*  ffs_unlink:		EQU	97h
040000             0114*  ffs_rename:		EQU	98h
040000             0115*  ffs_chmod:		EQU	99h
040000             0116*  ffs_utime:		EQU	9Ah
040000             0117*  ffs_mkdir:		EQU	9Bh
040000             0118*  ffs_chdir:		EQU	9Ch
040000             0119*  ffs_chdrive:		EQU	9Dh
040000             0120*  ffs_getcwd:		EQU	9Eh
040000             0121*  
040000             0122*  ; FatFS volume management and system configuration functions
040000             0123*  ;
040000             0124*  ffs_mount:		EQU	9Fh
040000             0125*  ffs_mkfs:		EQU	A0h
040000             0126*  ffs_fdisk:		EQU	A1h
040000             0127*  ffs_getfree:		EQU	A2h
040000             0128*  ffs_getlabel:		EQU	A3h
040000             0129*  ffs_setlabel:		EQU	A4h
040000             0130*  ffs_setcp:		EQU	A5h
040000             0131*  
040000             0132*  ; File access modes
040000             0133*  ;
040000             0134*  fa_read:		EQU	01h
040000             0135*  fa_write:		EQU	02h
040000             0136*  fa_open_existing:	EQU	00h
040000             0137*  fa_create_new:		EQU	04h
040000             0138*  fa_create_always:	EQU	08h
040000             0139*  fa_open_always:		EQU	10h
040000             0140*  fa_open_append:		EQU	30h
040000             0141*  
040000             0142*  ; System variable indexes for api_sysvars
040000             0143*  ; Index into _sysvars in globals.asm
040000             0144*  ;
040000             0145*  sysvar_time:		EQU	00h	; 4: Clock timer in centiseconds (incremented by 2 every VBLANK)
040000             0146*  sysvar_vpd_pflags:	EQU	04h	; 1: Flags to indicate completion of VDP commands
040000             0147*  sysvar_keyascii:	EQU	05h	; 1: ASCII keycode, or 0 if no key is pressed
040000             0148*  sysvar_keymods:		EQU	06h	; 1: Keycode modifiers
040000             0149*  sysvar_cursorX:		EQU	07h	; 1: Cursor X position
040000             0150*  sysvar_cursorY:		EQU	08h	; 1: Cursor Y position
040000             0151*  sysvar_scrchar:		EQU	09h	; 1: Character read from screen
040000             0152*  sysvar_scrpixel:	EQU	0Ah	; 3: Pixel data read from screen (R,B,G)
040000             0153*  sysvar_audioChannel:	EQU	0Dh	; 1: Audio channel
040000             0154*  sysvar_audioSuccess:	EQU	0Eh	; 1: Audio channel note queued (0 = no, 1 = yes)
040000             0155*  sysvar_scrWidth:	EQU	0Fh	; 2: Screen width in pixels
040000             0156*  sysvar_scrHeight:	EQU	11h	; 2: Screen height in pixels
040000             0157*  sysvar_scrCols:		EQU	13h	; 1: Screen columns in characters
040000             0158*  sysvar_scrRows:		EQU	14h	; 1: Screen rows in characters
040000             0159*  sysvar_scrColours:	EQU	15h	; 1: Number of colours displayed
040000             0160*  sysvar_scrpixelIndex:	EQU	16h	; 1: Index of pixel data read from screen
040000             0161*  sysvar_vkeycode:	EQU	17h	; 1: Virtual key code from FabGL
040000             0162*  sysvar_vkeydown:	EQU	18h	; 1: Virtual key state from FabGL (0=up, 1=down)
040000             0163*  sysvar_vkeycount:	EQU	19h	; 1: Incremented every time a key packet is received
040000             0164*  sysvar_rtc:		EQU	1Ah	; 6: Real time clock data
040000             0165*  sysvar_spare:		EQU	20h	; 2: Spare, previously used by rtc
040000             0166*  sysvar_keydelay:	EQU	22h	; 2: Keyboard repeat delay
040000             0167*  sysvar_keyrate:		EQU	24h	; 2: Keyboard repeat reat
040000             0168*  sysvar_keyled:		EQU	26h	; 1: Keyboard LED status
040000             0169*  sysvar_scrMode:		EQU	27h	; 1: Screen mode
040000             0170*  sysvar_rtcEnable:	EQU	28h	; 1: RTC enable flag (0: disabled, 1: use ESP32 RTC)
040000             0171*  sysvar_mouseX:		EQU	29h	; 2: Mouse X position
040000             0172*  sysvar_mouseY:		EQU	2Bh	; 2: Mouse Y position
040000             0173*  sysvar_mouseButtons:	EQU	2Dh	; 1: Mouse button state
040000             0174*  sysvar_mouseWheel:	EQU	2Eh	; 1: Mouse wheel delta
040000             0175*  sysvar_mouseXDelta:	EQU	2Fh	; 2: Mouse X delta
040000             0176*  sysvar_mouseYDelta:	EQU	31h	; 2: Mouse Y delta
040000             0177*  
040000             0178*  ; Flags for the VPD protocol
040000             0179*  ;
040000             0180*  vdp_pflag_cursor:	EQU	00000001b
040000             0181*  vdp_pflag_scrchar:	EQU	00000010b
040000             0182*  vdp_pflag_point:	EQU	00000100b
040000             0183*  vdp_pflag_audio:	EQU	00001000b
040000             0184*  vdp_pflag_mode:		EQU	00010000b
040000             0185*  vdp_pflag_rtc:		EQU	00100000b
040000             0186*  vdp_pflag_mouse:	EQU	01000000b
040000             0187*  ; vdp_pflag_buffered:	EQU	10000000b
040000             0188*  
040000             0189*  ;
040000             0190*  ; FatFS structures
040000             0191*  ; These mirror the structures contained in src_fatfs/ff.h in the MOS project
040000             0192*  ;
040000             0193*  ; Object ID and allocation information (FFOBJID)
040000             0194*  ;
040000             0195*  ;FFOBJID	.STRUCT
040000             0196*  ;	fs:		DS	3	; Pointer to the hosting volume of this object
040000             0197*  ;	id:		DS	2	; Hosting volume mount ID
040000             0198*  ;	attr:		DS	1	; Object attribute;
040000             0199*  ;	stat:		DS	1	; Object chain status (b1-0: =0:not contiguous, =2:contiguous, =3:fragmented in this session, b2:sub-directory stretched)
040000             0200*  ;	sclust:		DS	4	; Object data start cluster (0:no cluster or root directory)
040000             0201*  ;	objsize:	DS	4	; Object size (valid when sclust != 0)
040000             0202*  ;FFOBJID_SIZE .ENDSTRUCT FFOBJID
040000             0203*  ;
040000             0204*  ; File object structure (FIL)
040000             0205*  ;
040000             0206*  ;FIL .STRUCT
040000             0207*  ;	obj:		.TAG	FFOBJID	; Object identifier
040000             0208*  ;	flag:		DS	1	; File status flags
040000             0209*  ;	err:		DS	1	; Abort flag (error code)
040000             0210*  ;	fptr:		DS	4	; File read/write pointer (Zeroed on file open)
040000             0211*  ;	clust:		DS	4	; Current cluster of fpter (invalid when fptr is 0)
040000             0212*  ;	sect:		DS	4	; Sector number appearing in buf[] (0:invalid)
040000             0213*  ;	dir_sect:	DS	4	; Sector number containing the directory entry
040000             0214*  ;	dir_ptr:	DS	3	; Pointer to the directory entry in the win[]
040000             0215*  ;FIL_SIZE .ENDSTRUCT FIL
040000             0216*  ;
040000             0217*  ; Directory object structure (DIR)
040000             0218*  ;
040000             0219*  ;DIR .STRUCT
040000             0220*  ;	obj:		.TAG	FFOBJID	; Object identifier;
040000             0221*  ;	dptr:		DS	4	; Current read/write offset
040000             0222*  ;	clust:		DS	4	; Current cluster
040000             0223*  ;	sect:		DS	4	; Current sector (0:Read operation has terminated)
040000             0224*  ;	dir:		DS	3	; Pointer to the directory item in the win[]
040000             0225*  ;	fn:		DS	12	; SFN (in/out) {body[8],ext[3],status[1]}
040000             0226*  ;	blk_ofs:	DS	4	; Offset of current entry block being processed (0xFFFFFFFF:Invalid)
040000             0227*  ;DIR_SIZE .ENDSTRUCT DIR
040000             0228*  ;
040000             0229*  ; File information structure (FILINFO)
040000             0230*  ;
040000             0231*  ;FILINFO .STRUCT
040000             0232*  ;	fsize:		DS 	4	; File size
040000             0233*  ;	fdate:		DS	2	; Modified date;
040000             0234*  ;	ftime:		DS	2	; Modified time
040000             0235*  ;	fattrib:	DS	1	; File attribute
040000             0236*  ;	altname:	DS	13	; Alternative file name
040000             0237*  ;	fname:		DS	256	; Primary file name
040000             0238*  ;FILINFO_SIZE .ENDSTRUCT FILINFO
040000             0239*  
040000             0240*  ;
040000             0241*  ; Macro for calling the API
040000             0242*  ; Parameters:
040000             0243*  ; - function: One of the function numbers listed above
040000             0244*  ;
040000             0245*  			MACRO	MOSCALL function
040000             0246*  			LD	A, function
040000             0247*  			RST.L	08h
040000             0248*  			ENDMACRO
040000             0008       ORG 0x0B0000 ; Is a moslet
0B0000             0009   
0B0000             0010       MACRO PROGNAME
0B0000             0011       ASCIZ "calcfp.bin"
0B0000             0012       ENDMACRO
0B0000             0013   
0B0000             0014   ; STANDARD MOSLET INCLUDES
0B0000             0015       include "init.inc"
0B0000             0001*  ;
0B0000             0002*  ; Title:	Copy - Initialisation Code
0B0000             0003*  ; Author:	Dean Belfield, Lennart Benschop
0B0000             0004*  ; Created:	06/11/2022
0B0000             0005*  ; Last Updated:	26/12/2022
0B0000             0006*  ;
0B0000             0007*  ; Modinfo:
0B0000             0008*  ; 17/12/2022:	Added parameter processing
0B0000             0009*  ; 26/12/2022:   Adapted to Copy program, use LEA instead of 3x INC IX, Save/restore MB
0B0000             0010*  ; Changed:      08/04/2924 adapt to ez80asm
0B0000             0011*  
0B0000             0012*  
0B0000             0013*  argv_ptrs_max:		EQU	16			; Maximum number of arguments allowed in argv
0B0000             0014*  
0B0000             0015*  ;
0B0000             0016*  ; Start in ADL mode
0B0000             0017*  ;
0B0000 C3 45 00 0B 0018*  			JP	_start			; Jump to start
0B0004             0019*  ;
0B0004             0020*  ; The header stuff is from byte 64 onwards
0B0004             0021*  ;
0B0004             0022*  
0B0004             0023*  _exec_name:
0B0004             0024*  			PROGNAME			; The executable name, only used in argv
0B0004 63 61 6C 63 0001*M     ASCIZ "calcfp.bin"
       66 70 2E 62 
       69 6E 00    
0B000F             0025*  
0B000F FF FF FF FF 0026*  			ALIGN	64
       FF FF FF FF 
       FF FF FF FF 
       FF FF FF FF 
       FF FF FF FF 
       FF FF FF FF 
       FF FF FF FF 
       FF FF FF FF 
       FF FF FF FF 
       FF FF FF FF 
       FF FF FF FF 
       FF FF FF FF 
       FF          
0B0040             0027*  
0B0040 4D 4F 53    0028*  			DB	"MOS"			; Flag for MOS - to confirm this is a valid MOS command
0B0043 00          0029*  			DB	00h			; MOS header version 0
0B0044 01          0030*  			DB	01h			; Flag for run mode (0: Z80, 1: ADL)
0B0045             0031*  ;
0B0045             0032*  ; And the code follows on immediately after the header
0B0045             0033*  ;
0B0045 F5          0034*  _start:			PUSH	AF			; Preserve the registers
0B0046 C5          0035*  			PUSH	BC
0B0047 D5          0036*  			PUSH	DE
0B0048 DD E5       0037*  			PUSH	IX
0B004A FD E5       0038*  			PUSH	IY
0B004C ED 6E       0039*  			LD	A, MB			; Save MB
0B004E F5          0040*  			PUSH 	AF
0B004F AF          0041*  			XOR 	A
0B0050 ED 6D       0042*  			LD 	MB, A                   ; Clear to zero so MOS API calls know how to use 24-bit addresses.
0B0052             0043*  
0B0052 DD 21 B9 00 0044*  			LD	IX, argv_ptrs		; The argv array pointer address
       0B          
0B0057 DD E5       0045*  			PUSH	IX
0B0059 CD 70 00 0B 0046*  			CALL	_parse_params		; Parse the parameters
0B005D DD E1       0047*  			POP	IX			; IX: argv
0B005F 06 00       0048*  			LD	B, 0			;  C: argc
0B0061 CD 71 01 0B 0049*  			CALL	_main			; Start user code
0B0065             0050*  
0B0065 F1          0051*  			POP 	AF
0B0066 ED 6D       0052*  			LD	MB, A
0B0068 FD E1       0053*  			POP	IY			; Restore registers
0B006A DD E1       0054*  			POP	IX
0B006C D1          0055*  			POP	DE
0B006D C1          0056*  			POP	BC
0B006E F1          0057*  			POP	AF
0B006F C9          0058*  			RET
0B0070             0059*  
0B0070             0060*  ; Parse the parameter string into a C array
0B0070             0061*  ; Parameters
0B0070             0062*  ; - HL: Address of parameter string
0B0070             0063*  ; - IX: Address for array pointer storage
0B0070             0064*  ; Returns:
0B0070             0065*  ; -  C: Number of parameters parsed
0B0070             0066*  ;
0B0070 01 04 00 0B 0067*  _parse_params:		LD	BC, _exec_name
0B0074 DD 0F 00    0068*  			LD	(IX+0), BC		; ARGV[0] = the executable name
0B0077 ED 32 03    0069*  			LEA     IX, IX+3
0B007A CD B2 00 0B 0070*  			CALL	_skip_spaces		; Skip HL past any leading spaces
0B007E             0071*  ;
0B007E 01 01 00 00 0072*  			LD	BC, 1			; C: ARGC = 1 - also clears out top 16 bits of BCU
0B0082 06 0F       0073*  			LD	B, argv_ptrs_max - 1	; B: Maximum number of argv_ptrs
0B0084             0074*  ;
0B0084             0075*  _parse_params_1:
0B0084 C5          0076*  			PUSH	BC			; Stack ARGC
0B0085 E5          0077*  			PUSH	HL			; Stack start address of token
0B0086 CD A3 00 0B 0078*  			CALL	_get_token		; Get the next token
0B008A 79          0079*  			LD	A, C			; A: Length of the token in characters
0B008B D1          0080*  			POP	DE			; Start address of token (was in HL)
0B008C C1          0081*  			POP	BC			; ARGC
0B008D B7          0082*  			OR	A			; Check for A=0 (no token found) OR at end of string
0B008E C8          0083*  			RET	Z
0B008F             0084*  ;
0B008F DD 1F 00    0085*  			LD	(IX+0), DE		; Store the pointer to the token
0B0092 E5          0086*  			PUSH	HL			; DE=HL
0B0093 D1          0087*  			POP	DE
0B0094 CD B2 00 0B 0088*  			CALL	_skip_spaces		; And skip HL past any spaces onto the next character
0B0098 AF          0089*  			XOR	A
0B0099 12          0090*  			LD	(DE), A			; Zero-terminate the token
0B009A ED 32 03    0091*  			LEA  	IX, IX+3			; Advance to next pointer position
0B009D 0C          0092*  			INC	C			; Increment ARGC
0B009E 79          0093*  			LD	A, C			; Check for C >= A
0B009F B8          0094*  			CP	B
0B00A0 38 E2       0095*  			JR	C, _parse_params_1	; And loop
0B00A2 C9          0096*  			RET
0B00A3             0097*  
0B00A3             0098*  ; Get the next token
0B00A3             0099*  ; Parameters:
0B00A3             0100*  ; - HL: Address of parameter string
0B00A3             0101*  ; Returns:
0B00A3             0102*  ; - HL: Address of first character after token
0B00A3             0103*  ; -  C: Length of token (in characters)
0B00A3             0104*  ;
0B00A3 0E 00       0105*  _get_token:		LD	C, 0			; Initialise length
0B00A5 7E          0106*  @@:			LD	A, (HL)			; Get the character from the parameter string
0B00A6 B7          0107*  			OR	A			; Exit if 0 (end of parameter string in MOS)
0B00A7 C8          0108*  			RET 	Z
0B00A8 FE 0D       0109*  			CP	13			; Exit if CR (end of parameter string in BBC BASIC)
0B00AA C8          0110*  			RET	Z
0B00AB FE 20       0111*  			CP	' '			; Exit if space (end of token)
0B00AD C8          0112*  			RET	Z
0B00AE 23          0113*  			INC	HL			; Advance to next character
0B00AF 0C          0114*  			INC 	C			; Increment length
0B00B0 18 F3       0115*  			JR	@B
0B00B2             0116*  
0B00B2             0117*  ; Skip spaces in the parameter string
0B00B2             0118*  ; Parameters:
0B00B2             0119*  ; - HL: Address of parameter string
0B00B2             0120*  ; Returns:
0B00B2             0121*  ; - HL: Address of next none-space character
0B00B2             0122*  ;    F: Z if at end of string, otherwise NZ if there are more tokens to be parsed
0B00B2             0123*  ;
0B00B2 7E          0124*  _skip_spaces:		LD	A, (HL)			; Get the character from the parameter string
0B00B3 FE 20       0125*  			CP	' '			; Exit if not space
0B00B5 C0          0126*  			RET	NZ
0B00B6 23          0127*  			INC	HL			; Advance to next character
0B00B7 18 F9       0128*  			JR	_skip_spaces		; Increment length
0B00B9             0129*  
0B00B9             0130*  ; Storage for the argv array pointers
0B00B9             0131*  ;
0B00B9 00 00 00 00 0132*  argv_ptrs:		BLKP	argv_ptrs_max, 0
       00 00 00 00 
       00 00 00 00 
       00 00 00 00 
       00 00 00 00 
       00 00 00 00 
       00 00 00 00 
       00 00 00 00 
       00 00 00 00 
       00 00 00 00 
       00 00 00 00 
       00 00 00 00 
0B00E9             0016       include "parse.inc"
0B00E9             0001*  ;
0B00E9             0002*  ; Title:	Number Parsing Functions
0B00E9             0003*  ; Author:	Dean Belfield
0B00E9             0004*  ; Created:	15/11/2022
0B00E9             0005*  ; Last Updated:	15/11/2022
0B00E9             0006*  ; Last Updated: 29/12/2022 Lennart Benchop adapt for 24-bit mode.
0B00E9             0007*  ; Modinfo:
0B00E9             0008*  ; 2024/04/08    Adapt for ez80asm
0B00E9             0009*  
0B00E9             0010*  ; Read a number and convert to binary
0B00E9             0011*  ; If prefixed with &, will read as hex, otherwise decimal
0B00E9             0012*  ;   Inputs: HL: Pointer in string buffer
0B00E9             0013*  ;  Outputs: HL: Updated text pointer
0B00E9             0014*  ;           DE: Value
0B00E9             0015*  ;            A: Terminator (spaces skipped)
0B00E9             0016*  ;            F: Carry set if valid number, otherwise reset
0B00E9             0017*  ; Destroys: A,D,E,H,L,F
0B00E9             0018*  ;
0B00E9 11 00 00 00 0019*  ASC_TO_NUMBER:		LD		DE, 0			; Initialise DE
0B00ED CD B2 00 0B 0020*  			CALL		_skip_spaces		; Skip whitespace
0B00F1 7E          0021*  			LD		A, (HL)			; Read first character
0B00F2 B7          0022*  			OR		A			; Check for end of string
0B00F3 C8          0023*  			RET		Z			; Return with no carry if not
0B00F4 C5          0024*  			PUSH		BC			; Preserve BC
0B00F5 FE 26       0025*  			CP		'&'			; Is it prefixed with '&' (HEX number)?
0B00F7 20 23       0026*  			JR		NZ, ASC_TO_NUMBER3	; Jump to decimal parser if not
0B00F9 23          0027*  			INC		HL			; Otherwise fall through to ASC_TO_HEX
0B00FA             0028*  ;
0B00FA 7E          0029*  ASC_TO_NUMBER1:		LD		A, (HL)			; Fetch the character
0B00FB CD 3D 01 0B 0030*  			CALL   	 	UPPRC			; Convert to uppercase
0B00FF D6 30       0031*  			SUB		'0'			; Normalise to 0
0B0101 38 37       0032*  			JR 		C, ASC_TO_NUMBER4	; Return if < ASCII '0'
0B0103 FE 0A       0033*  			CP 		10			; Check if >= 10
0B0105 38 06       0034*  			JR 		C, ASC_TO_NUMBER2	; No, so skip next bit
0B0107 D6 07       0035*  			SUB 		7			; Adjust ASCII A-F to nibble
0B0109 FE 10       0036*  			CP 		16			; Check for > F
0B010B 30 2D       0037*  			JR 		NC, ASC_TO_NUMBER4	; Return if out of range
0B010D             0038*  ;
0B010D E5          0039*  ASC_TO_NUMBER2:		PUSH		HL			; Stack HL
0B010E D5          0040*  			PUSH		DE			; LD HL, DE
0B010F E1          0041*  			POP		HL
0B0110 29          0042*  			ADD		HL, HL
0B0111 29          0043*  			ADD		HL, HL
0B0112 29          0044*  			ADD		HL, HL
0B0113 29          0045*  			ADD		HL, HL
0B0114 E5          0046*  			PUSH		HL			; LD DE, HL
0B0115 D1          0047*  			POP		DE
0B0116 E1          0048*  			POP		HL			; Restore HL
0B0117 B3          0049*  			OR      	E			; OR the new digit in to the least significant nibble
0B0118 5F          0050*  			LD      	E, A
0B0119             0051*  ;
0B0119 23          0052*  			INC		HL			; Onto the next character
0B011A 18 DE       0053*  			JR      	ASC_TO_NUMBER1		; And loop
0B011C             0054*  ;
0B011C 7E          0055*  ASC_TO_NUMBER3:		LD		A, (HL)
0B011D D6 30       0056*  			SUB		'0'			; Normalise to 0
0B011F 38 19       0057*  			JR		C, ASC_TO_NUMBER4	; Return if < ASCII '0'
0B0121 FE 0A       0058*  			CP		10			; Check if >= 10
0B0123 30 15       0059*  			JR		NC, ASC_TO_NUMBER4	; Return if >= 10
0B0125             0060*  ;
0B0125 E5          0061*  			PUSH		HL			; Stack HL
0B0126 D5          0062*  			PUSH		DE			; LD HL, DE
0B0127 E1          0063*  			POP		HL
0B0128 E5          0064*  			PUSH		HL			; LD BC, HL
0B0129 C1          0065*  			POP		BC
0B012A 29          0066*  			ADD		HL, HL 			; x 2
0B012B 29          0067*  			ADD		HL, HL 			; x 4
0B012C 09          0068*  			ADD		HL, BC 			; x 5
0B012D 29          0069*  			ADD		HL, HL 			; x 10
0B012E 01 00 00 00 0070*  			LD		BC, 0
0B0132 4F          0071*  			LD 		C, A			; LD BCU, A
0B0133 09          0072*  			ADD		HL, BC			; Add BCU to HL
0B0134 E5          0073*  			PUSH		HL			; LD DE, HL
0B0135 D1          0074*  			POP		DE
0B0136 E1          0075*  			POP		HL			; Restore HL
0B0137             0076*  ;
0B0137 23          0077*  			INC		HL
0B0138 18 E2       0078*  			JR		ASC_TO_NUMBER3
0B013A C1          0079*  ASC_TO_NUMBER4:		POP		BC
0B013B 37          0080*  			SCF					; We have a valid number so set carry
0B013C C9          0081*  			RET
0B013D             0082*  
0B013D             0083*  
0B013D             0084*  ; Convert a character to upper case
0B013D             0085*  ;  A: Character to convert
0B013D             0086*  ;
0B013D E6 7F       0087*  UPPRC:  		AND     	7FH
0B013F FE 60       0088*  			CP      	'`'
0B0141 D8          0089*  			RET     	C
0B0142 E6 5F       0090*  			AND     	5FH			; Convert to upper case
0B0144 C9          0091*  			RET
0B0145             0017   
0B0145             0018   ; APPLICATION INCLUDES
0B0145             0019       include "calcfp.inc"
0B0145             0020   
0B0145             0021   ; APPLICATION INCLUDES
0B0145 55 73 61 67 0022   str_usage: ASCIZ "Usage: scratch <args>\r\n"
       65 3A 20 73 
       63 72 61 74 
       63 68 20 3C 
       61 72 67 73 
       3E 0D 0A 00 
0B015D 45 72 72 6F 0023   str_error: ASCIZ "Error!\r\n"
       72 21 0D 0A 
       00          
0B0166 53 75 63 63 0024   str_success: ASCIZ "Success!\r\n"
       65 73 73 21 
       0D 0A 00    
0B0171             0025   
0B0171             0026   ; This is a scratch moslet for testing new features
0B0171             0027   ; Parameters:
0B0171             0028   ;
0B0171             0029   
0B0171             0030   ; The main routine
0B0171             0031   ; IXU: argv - pointer to array of parameters
0B0171             0032   ;   C: argc - number of parameters
0B0171             0033   ; Returns:
0B0171             0034   ;  HL: Error code, or 0 if OK
0B0171             0035   
0B0171             0036   min_args: equ 3
0B0171             0037   
0B0171             0038   _main:
0B0171 79          0039       ld a,c              ; how many arguments?
0B0172 FE 03       0040       cp min_args         ; not enough?
0B0174 30 0A       0041       jr nc,main          ; if enough, go to main loop
0B0176             0042   
0B0176             0043   _main_end_error:
0B0176 21 13 00 00 0044       ld hl,19            ; return error code 19
0B017A C9          0045       ret
0B017B             0046   
0B017B             0047   _main_end_ok:
0B017B 21 00 00 00 0048       ld hl,0             ; return 0 for success
0B017F C9          0049       ret
0B0180             0050   
0B0180             0051   ; ========= BEGIN CUSTOM MAIN LOOP =========
0B0180             0052   main:
0B0180 0D          0053       dec c               ; decrement the argument count to skip the program name
0B0181             0054   
0B0181 C3 7B 01 0B 0055       jp _main_end_ok     ; return success
